
============================================================
Cora: 2708 nodes, 140 train, 7 classes
============================================================
  computing GIS difficulty …
  probcover r*=0.4815 (purity 0.959); sweep radii [0.4815, 1.183, 1.2509]
  E0: participation ratio 3.33, effective rank 4.28 (train rows)
  evaluated 72 subsets x 10 seeds + flat (298s)   flat_100: 0.7894

  arm                k%    test   vs rand     sem   wins
  random              5  0.3787        --
  fps_probe           5  0.1663   -0.2124  0.0042    0/10
  ccs_pc1             5  0.3528   -0.0259  0.0106    1/10
  fps_sgc             5  0.1735   -0.2052  0.0099    0/10
  easy                5  0.1393   -0.2394  0.0035    0/10
  hard                5  0.4546   +0.0759  0.0066   10/10
  probcover           5  0.3251   -0.0536  0.0137    1/10
  probcover_r1        5  0.4302   +0.0515  0.0069   10/10
  probcover_r2        5  0.5635   +0.1848  0.0096   10/10
  random             10  0.4369        --
  fps_probe          10  0.2432   -0.1937  0.0108    0/10
  ccs_pc1            10  0.5536   +0.1167  0.0062   10/10
  fps_sgc            10  0.4961   +0.0592  0.0133    9/10
  easy               10  0.1530   -0.2839  0.0032    0/10
  hard               10  0.4906   +0.0537  0.0110   10/10
  probcover          10  0.4376   +0.0007  0.0079    5/10
  probcover_r1       10  0.6575   +0.2206  0.0079   10/10
  probcover_r2       10  0.6105   +0.1736  0.0078   10/10
  random             20  0.5745        --
  fps_probe          20  0.5320   -0.0425  0.0100    1/10
  ccs_pc1            20  0.5877   +0.0132  0.0041    9/10
  fps_sgc            20  0.6165   +0.0420  0.0170    6/10
  easy               20  0.3009   -0.2736  0.0046    0/10
  hard               20  0.5604   -0.0141  0.0064    2/10
  probcover          20  0.6178   +0.0433  0.0090    9/10
  probcover_r1       20  0.7188   +0.1443  0.0072   10/10
  probcover_r2       20  0.7258   +0.1513  0.0090   10/10
  random             50  0.7553        --
  fps_probe          50  0.7143   -0.0410  0.0051    0/10
  ccs_pc1            50  0.7467   -0.0086  0.0022    1/10
  fps_sgc            50  0.7519   -0.0034  0.0047    3/10
  easy               50  0.5366   -0.2187  0.0088    0/10
  hard               50  0.7046   -0.0507  0.0042    0/10
  probcover          50  0.7726   +0.0173  0.0032   10/10
  probcover_r1       50  0.7791   +0.0238  0.0029   10/10
  probcover_r2       50  0.7707   +0.0154  0.0033    9/10

  wrote selection_cora.json + .npz

============================================================
CiteSeer: 3327 nodes, 120 train, 6 classes
============================================================
  computing GIS difficulty …
  probcover r*=0.5170 (purity 0.951); sweep radii [0.517, 1.2851, 1.3233]
  E0: participation ratio 2.57, effective rank 3.48 (train rows)
  evaluated 72 subsets x 10 seeds + flat (663s)   flat_100: 0.6696

  arm                k%    test   vs rand     sem   wins
  random              5  0.3042        --
  fps_probe           5  0.3566   +0.0524  0.0154    8/10
  ccs_pc1             5  0.2456   -0.0586  0.0105    1/10
  fps_sgc             5  0.2166   -0.0876  0.0104    0/10
  easy                5  0.3437   +0.0395  0.0071   10/10
  hard                5  0.0925   -0.2117  0.0053    0/10
  probcover           5  0.2449   -0.0593  0.0063    0/10
  probcover_r1        5  0.4283   +0.1241  0.0116   10/10
  probcover_r2        5  0.3790   +0.0748  0.0112   10/10
  random             10  0.3834        --
  fps_probe          10  0.4524   +0.0690  0.0112   10/10
  ccs_pc1            10  0.3811   -0.0023  0.0099    5/10
  fps_sgc            10  0.3140   -0.0694  0.0085    0/10
  easy               10  0.5305   +0.1471  0.0185   10/10
  hard               10  0.1960   -0.1874  0.0098    0/10
  probcover          10  0.3764   -0.0070  0.0149    5/10
  probcover_r1       10  0.4646   +0.0812  0.0093   10/10
  probcover_r2       10  0.4312   +0.0478  0.0085   10/10
  random             20  0.4723        --
  fps_probe          20  0.4793   +0.0070  0.0207    7/10
  ccs_pc1            20  0.3328   -0.1395  0.0092    0/10
  fps_sgc            20  0.4589   -0.0134  0.0126    4/10
  easy               20  0.4825   +0.0102  0.0118    6/10
  hard               20  0.3103   -0.1620  0.0084    0/10
  probcover          20  0.4966   +0.0243  0.0109    8/10
  probcover_r1       20  0.4717   -0.0006  0.0092    6/10
  probcover_r2       20  0.4768   +0.0045  0.0083    5/10
  random             50  0.5925        --
  fps_probe          50  0.6515   +0.0590  0.0052   10/10
  ccs_pc1            50  0.6035   +0.0110  0.0064    7/10
  fps_sgc            50  0.5112   -0.0813  0.0080    0/10
  easy               50  0.6512   +0.0587  0.0056   10/10
  hard               50  0.5037   -0.0888  0.0068    0/10
  probcover          50  0.6274   +0.0349  0.0048   10/10
  probcover_r1       50  0.6504   +0.0579  0.0066   10/10
  probcover_r2       50  0.5201   -0.0724  0.0071    0/10

  wrote selection_citeseer.json + .npz
Downloading https://github.com/kimiyoung/planetoid/raw/master/data/ind.pubmed.x
Downloading https://github.com/kimiyoung/planetoid/raw/master/data/ind.pubmed.tx
Downloading https://github.com/kimiyoung/planetoid/raw/master/data/ind.pubmed.allx
Downloading https://github.com/kimiyoung/planetoid/raw/master/data/ind.pubmed.y
Downloading https://github.com/kimiyoung/planetoid/raw/master/data/ind.pubmed.ty
Downloading https://github.com/kimiyoung/planetoid/raw/master/data/ind.pubmed.ally
Downloading https://github.com/kimiyoung/planetoid/raw/master/data/ind.pubmed.graph
Downloading https://github.com/kimiyoung/planetoid/raw/master/data/ind.pubmed.test.index
Processing...
Done!

============================================================
PubMed: 19717 nodes, 60 train, 3 classes
============================================================
  no fingerprint cache — skipping fps_probe and ccs_pc1 arms
  computing GIS difficulty …
  probcover r*=0.5921 (purity 0.952); sweep radii [0.5921, 1.1848, 1.2617]
  evaluated 64 subsets x 10 seeds + flat (1082s)   flat_100: 0.7791

  arm                k%    test   vs rand     sem   wins
  random              5  0.4905        --
  fps_sgc             5  0.5675   +0.0770  0.0096   10/10
  easy                5  0.4112   -0.0793  0.0188    0/10
  hard                5  0.4104   -0.0801  0.0021    0/10
  probcover           5  0.4884   -0.0021  0.0108    6/10
  probcover_r1        5  0.6522   +0.1617  0.0041   10/10
  probcover_r2        5  0.6641   +0.1736  0.0025   10/10
  random             10  0.4532        --
  fps_sgc            10  0.6335   +0.1803  0.0041   10/10
  easy               10  0.5142   +0.0610  0.0058   10/10
  hard               10  0.3342   -0.1190  0.0118    0/10
  probcover          10  0.5463   +0.0931  0.0076   10/10
  probcover_r1       10  0.6153   +0.1621  0.0081   10/10
  probcover_r2       10  0.6594   +0.2062  0.0061   10/10
  random             20  0.5678        --
  fps_sgc            20  0.6892   +0.1214  0.0030   10/10
  easy               20  0.3950   -0.1728  0.0040    0/10
  hard               20  0.4445   -0.1233  0.0026    0/10
  probcover          20  0.6552   +0.0874  0.0049   10/10
  probcover_r1       20  0.6858   +0.1180  0.0049   10/10
  probcover_r2       20  0.6760   +0.1082  0.0026   10/10
  random             50  0.7304        --
  fps_sgc            50  0.7569   +0.0265  0.0022   10/10
  easy               50  0.4964   -0.2340  0.0049    0/10
  hard               50  0.6172   -0.1132  0.0033    0/10
  probcover          50  0.6905   -0.0399  0.0013    0/10
  probcover_r1       50  0.7721   +0.0417  0.0011   10/10
  probcover_r2       50  0.7549   +0.0245  0.0040   10/10

  wrote selection_pubmed.json + .npz
