
============================================================
Cora: 2708 nodes, 140 train, 7 classes
============================================================
  computing GIS difficulty …
  computing CLNode difficulty …
  probcover r*=0.4815 (purity 0.959); sweep radii [0.4815, 1.183, 1.2509]
  E0: participation ratio 3.33, effective rank 4.28 (train rows)
  evaluated 128 subsets x 10 seeds + flat (551s)   flat_100: 0.7894

  arm                k%    test   vs rand     sem   wins
  random              5  0.3787        --
  random_strat        5  0.3746   -0.0040            3/10
  fps_probe           5  0.1663   -0.2124  0.0042    0/10
  ccs_pc1             5  0.3528   -0.0259  0.0106    1/10
  fps_sgc             5  0.1735   -0.2052  0.0099    0/10
  easy                5  0.1393   -0.2394  0.0035    0/10
  hard                5  0.4546   +0.0759  0.0066   10/10
  easy_strat          5  0.4601   +0.0814  0.0106   10/10
  hard_strat          5  0.2471   -0.1316  0.0104    0/10
  clnode_easy         5  0.3781   -0.0006  0.0090    5/10
  clnode_hard         5  0.2510   -0.1277  0.0146    0/10
  probcover           5  0.3251   -0.0536  0.0137    1/10
  probcover_r1        5  0.4302   +0.0515  0.0069   10/10
  probcover_r2        5  0.5635   +0.1848  0.0096   10/10
  random             10  0.4369        --
  random_strat       10  0.5375   +0.1006           10/10
  fps_probe          10  0.2432   -0.1937  0.0108    0/10
  ccs_pc1            10  0.5536   +0.1167  0.0062   10/10
  fps_sgc            10  0.4961   +0.0592  0.0133    9/10
  easy               10  0.1530   -0.2839  0.0032    0/10
  hard               10  0.4906   +0.0537  0.0110   10/10
  easy_strat         10  0.5923   +0.1554  0.0074   10/10
  hard_strat         10  0.3485   -0.0884  0.0121    0/10
  clnode_easy        10  0.4772   +0.0403  0.0131    8/10
  clnode_hard        10  0.3721   -0.0648  0.0070    0/10
  probcover          10  0.4376   +0.0007  0.0079    5/10
  probcover_r1       10  0.6575   +0.2206  0.0079   10/10
  probcover_r2       10  0.6105   +0.1736  0.0078   10/10
  random             20  0.5745        --
  random_strat       20  0.6413   +0.0667           10/10
  fps_probe          20  0.5320   -0.0425  0.0100    1/10
  ccs_pc1            20  0.5877   +0.0132  0.0041    9/10
  fps_sgc            20  0.6165   +0.0420  0.0170    6/10
  easy               20  0.3009   -0.2736  0.0046    0/10
  hard               20  0.5604   -0.0141  0.0064    2/10
  easy_strat         20  0.7049   +0.1304  0.0025   10/10
  hard_strat         20  0.6222   +0.0477  0.0075   10/10
  clnode_easy        20  0.6177   +0.0432  0.0121    9/10
  clnode_hard        20  0.6171   +0.0426  0.0098   10/10
  probcover          20  0.6178   +0.0433  0.0090    9/10
  probcover_r1       20  0.7188   +0.1443  0.0072   10/10
  probcover_r2       20  0.7258   +0.1513  0.0090   10/10
  random             50  0.7553        --
  random_strat       50  0.7454   -0.0099            0/10
  fps_probe          50  0.7143   -0.0410  0.0051    0/10
  ccs_pc1            50  0.7467   -0.0086  0.0022    1/10
  fps_sgc            50  0.7519   -0.0034  0.0047    3/10
  easy               50  0.5366   -0.2187  0.0088    0/10
  hard               50  0.7046   -0.0507  0.0042    0/10
  easy_strat         50  0.7579   +0.0026  0.0023    6/10
  hard_strat         50  0.7569   +0.0016  0.0022    7/10
  clnode_easy        50  0.7809   +0.0256  0.0029   10/10
  clnode_hard        50  0.6462   -0.1091  0.0049    0/10
  probcover          50  0.7726   +0.0173  0.0032   10/10
  probcover_r1       50  0.7791   +0.0238  0.0029   10/10
  probcover_r2       50  0.7707   +0.0154  0.0033    9/10

  wrote selection_cora.json + .npz

============================================================
CiteSeer: 3327 nodes, 120 train, 6 classes
============================================================
  computing GIS difficulty …
  computing CLNode difficulty …
  probcover r*=0.5170 (purity 0.951); sweep radii [0.517, 1.2851, 1.3233]
  E0: participation ratio 2.57, effective rank 3.48 (train rows)
  evaluated 128 subsets x 10 seeds + flat (1229s)   flat_100: 0.6696

  arm                k%    test   vs rand     sem   wins
  random              5  0.3042        --
  random_strat        5  0.3575   +0.0534           10/10
  fps_probe           5  0.3566   +0.0524  0.0154    8/10
  ccs_pc1             5  0.2456   -0.0586  0.0105    1/10
  fps_sgc             5  0.2166   -0.0876  0.0104    0/10
  easy                5  0.3437   +0.0395  0.0071   10/10
  hard                5  0.0925   -0.2117  0.0053    0/10
  easy_strat          5  0.3721   +0.0679  0.0165   10/10
  hard_strat          5  0.2111   -0.0931  0.0126    0/10
  clnode_easy         5  0.2611   -0.0431  0.0115    1/10
  clnode_hard         5  0.1985   -0.1057  0.0062    0/10
  probcover           5  0.2449   -0.0593  0.0063    0/10
  probcover_r1        5  0.4283   +0.1241  0.0116   10/10
  probcover_r2        5  0.3790   +0.0748  0.0112   10/10
  random             10  0.3834        --
  random_strat       10  0.4369   +0.0535           10/10
  fps_probe          10  0.4524   +0.0690  0.0112   10/10
  ccs_pc1            10  0.3811   -0.0023  0.0099    5/10
  fps_sgc            10  0.3140   -0.0694  0.0085    0/10
  easy               10  0.5305   +0.1471  0.0185   10/10
  hard               10  0.1960   -0.1874  0.0098    0/10
  easy_strat         10  0.5512   +0.1678  0.0161   10/10
  hard_strat         10  0.2891   -0.0943  0.0128    0/10
  clnode_easy        10  0.3722   -0.0112  0.0142    6/10
  clnode_hard        10  0.2056   -0.1778  0.0122    0/10
  probcover          10  0.3764   -0.0070  0.0149    5/10
  probcover_r1       10  0.4646   +0.0812  0.0093   10/10
  probcover_r2       10  0.4312   +0.0478  0.0085   10/10
  random             20  0.4723        --
  random_strat       20  0.5120   +0.0397           10/10
  fps_probe          20  0.4793   +0.0070  0.0207    7/10
  ccs_pc1            20  0.3328   -0.1395  0.0092    0/10
  fps_sgc            20  0.4589   -0.0134  0.0126    4/10
  easy               20  0.4825   +0.0102  0.0118    6/10
  hard               20  0.3103   -0.1620  0.0084    0/10
  easy_strat         20  0.6513   +0.1790  0.0077   10/10
  hard_strat         20  0.3934   -0.0789  0.0163    0/10
  clnode_easy        20  0.5113   +0.0390  0.0127    8/10
  clnode_hard        20  0.1272   -0.3451  0.0086    0/10
  probcover          20  0.4966   +0.0243  0.0109    8/10
  probcover_r1       20  0.4717   -0.0006  0.0092    6/10
  probcover_r2       20  0.4768   +0.0045  0.0083    5/10
  random             50  0.5925        --
  random_strat       50  0.6305   +0.0380           10/10
  fps_probe          50  0.6515   +0.0590  0.0052   10/10
  ccs_pc1            50  0.6035   +0.0110  0.0064    7/10
  fps_sgc            50  0.5112   -0.0813  0.0080    0/10
  easy               50  0.6512   +0.0587  0.0056   10/10
  hard               50  0.5037   -0.0888  0.0068    0/10
  easy_strat         50  0.6849   +0.0924  0.0029   10/10
  hard_strat         50  0.5860   -0.0065  0.0051    4/10
  clnode_easy        50  0.5973   +0.0048  0.0135    7/10
  clnode_hard        50  0.5092   -0.0833  0.0053    0/10
  probcover          50  0.6274   +0.0349  0.0048   10/10
  probcover_r1       50  0.6504   +0.0579  0.0066   10/10
  probcover_r2       50  0.5201   -0.0724  0.0071    0/10

  wrote selection_citeseer.json + .npz

============================================================
PubMed: 19717 nodes, 60 train, 3 classes
============================================================
  no fingerprint cache — skipping fps_probe and ccs_pc1 arms
  computing GIS difficulty …
  computing CLNode difficulty …
  probcover r*=0.5921 (purity 0.952); sweep radii [0.5921, 1.1848, 1.2617]
  evaluated 120 subsets x 10 seeds + flat (2057s)   flat_100: 0.7791

  arm                k%    test   vs rand     sem   wins
  random              5  0.4905        --
  random_strat        5  0.5253   +0.0349           10/10
  fps_sgc             5  0.5675   +0.0770  0.0096   10/10
  easy                5  0.4112   -0.0793  0.0188    0/10
  hard                5  0.4104   -0.0801  0.0021    0/10
  easy_strat          5  0.5954   +0.1049  0.0116   10/10
  hard_strat          5  0.3070   -0.1835  0.0101    0/10
  clnode_easy         5  0.5315   +0.0410  0.0070   10/10
  clnode_hard         5  0.1689   -0.3216  0.0023    0/10
  probcover           5  0.4884   -0.0021  0.0108    6/10
  probcover_r1        5  0.6522   +0.1617  0.0041   10/10
  probcover_r2        5  0.6641   +0.1736  0.0025   10/10
  random             10  0.4532        --
  random_strat       10  0.5955   +0.1423           10/10
  fps_sgc            10  0.6335   +0.1803  0.0041   10/10
  easy               10  0.5142   +0.0610  0.0058   10/10
  hard               10  0.3342   -0.1190  0.0118    0/10
  easy_strat         10  0.6697   +0.2165  0.0040   10/10
  hard_strat         10  0.3644   -0.0888  0.0069    0/10
  clnode_easy        10  0.5007   +0.0475  0.0155    8/10
  clnode_hard        10  0.4506   -0.0026  0.0100    6/10
  probcover          10  0.5463   +0.0931  0.0076   10/10
  probcover_r1       10  0.6153   +0.1621  0.0081   10/10
  probcover_r2       10  0.6594   +0.2062  0.0061   10/10
  random             20  0.5678        --
  random_strat       20  0.6761   +0.1084           10/10
  fps_sgc            20  0.6892   +0.1214  0.0030   10/10
  easy               20  0.3950   -0.1728  0.0040    0/10
  hard               20  0.4445   -0.1233  0.0026    0/10
  easy_strat         20  0.6744   +0.1066  0.0026   10/10
  hard_strat         20  0.4498   -0.1180  0.0026    0/10
  clnode_easy        20  0.5414   -0.0264  0.0111    3/10
  clnode_hard        20  0.5873   +0.0195  0.0076    7/10
  probcover          20  0.6552   +0.0874  0.0049   10/10
  probcover_r1       20  0.6858   +0.1180  0.0049   10/10
  probcover_r2       20  0.6760   +0.1082  0.0026   10/10
  random             50  0.7304        --
  random_strat       50  0.7307   +0.0003            5/10
  fps_sgc            50  0.7569   +0.0265  0.0022   10/10
  easy               50  0.4964   -0.2340  0.0049    0/10
  hard               50  0.6172   -0.1132  0.0033    0/10
  easy_strat         50  0.6893   -0.0411  0.0012    0/10
  hard_strat         50  0.6607   -0.0697  0.0025    0/10
  clnode_easy        50  0.6920   -0.0384  0.0038    0/10
  clnode_hard        50  0.6737   -0.0567  0.0023    0/10
  probcover          50  0.6905   -0.0399  0.0013    0/10
  probcover_r1       50  0.7721   +0.0417  0.0011   10/10
  probcover_r2       50  0.7549   +0.0245  0.0040   10/10

  wrote selection_pubmed.json + .npz
